[htmldemos.ruventhemes.com/desmond-resume/light/index.html]
[backblue.gif]
[fade.gif]
[index.html]
[htmldemos.ruventhemes.com/desmond-resume/light/assets/js/jquery.min.js]
[htmldemos.ruventhemes.com/desmond-resume/light/assets/js/dense.js]
[htmldemos.ruventhemes.com/desmond-resume/light/assets/plugins/nivo-lightbox/nivo-lightbox.min.js]
[htmldemos.ruventhemes.com/desmond-resume/light/assets/js/scrollreveal.min.js]
[htmldemos.ruventhemes.com/desmond-resume/light/assets/js/main.js]
[htmldemos.ruventhemes.com/desmond-resume/light/assets/images/header/avatar.jpg]
[htmldemos.ruventhemes.com/desmond-resume/light/assets/images/portfolio/1_full.jpg]
[htmldemos.ruventhemes.com/desmond-resume/light/assets/images/portfolio/1_thumb.jpg]
[htmldemos.ruventhemes.com/desmond-resume/light/assets/images/portfolio/2_full.jpg]
[htmldemos.ruventhemes.com/desmond-resume/light/assets/images/portfolio/2_thumb.jpg]
[htmldemos.ruventhemes.com/desmond-resume/light/assets/images/portfolio/3_full.jpg]
[htmldemos.ruventhemes.com/desmond-resume/light/assets/images/portfolio/3_thumb.jpg]
[htmldemos.ruventhemes.com/desmond-resume/light/assets/images/portfolio/4_full.jpg]
[htmldemos.ruventhemes.com/desmond-resume/light/assets/images/portfolio/4_thumb.jpg]
[htmldemos.ruventhemes.com/desmond-resume/light/assets/images/portfolio/5_full.jpg]
[htmldemos.ruventhemes.com/desmond-resume/light/assets/images/portfolio/5_thumb.jpg]
[htmldemos.ruventhemes.com/desmond-resume/light/assets/images/portfolio/6_full.jpg]
[htmldemos.ruventhemes.com/desmond-resume/light/assets/images/portfolio/6_thumb.jpg]
[htmldemos.ruventhemes.com/desmond-resume/light/assets/images/clients/bbc.png]
[htmldemos.ruventhemes.com/desmond-resume/light/assets/images/clients/disney.png]
[htmldemos.ruventhemes.com/desmond-resume/light/assets/images/clients/github.png]
[htmldemos.ruventhemes.com/desmond-resume/light/assets/images/clients/google.png]
[htmldemos.ruventhemes.com/desmond-resume/light/assets/images/clients/html5.png]
[htmldemos.ruventhemes.com/desmond-resume/light/assets/images/clients/kickstarter.png]
[htmldemos.ruventhemes.com/desmond-resume/light/assets/images/clients/youtube.png]
[htmldemos.ruventhemes.com/desmond-resume/light/assets/images/clients/vimeo.png]
[htmldemos.ruventhemes.com/desmond-resume/light/index.html]
[htmldemos.ruventhemes.com/desmond-resume/light/assets/plugins/font-awesome/fonts/fontawesome-webfont914c.eot]
[htmldemos.ruventhemes.com/desmond-resume/light/assets/plugins/font-awesome/fonts/fontawesome-webfontd41d.eot]
[htmldemos.ruventhemes.com/desmond-resume/light/assets/plugins/font-awesome/fonts/fontawesome-webfont914c.woff2]
[htmldemos.ruventhemes.com/desmond-resume/light/assets/plugins/font-awesome/fonts/fontawesome-webfont914c.woff]
[htmldemos.ruventhemes.com/desmond-resume/light/assets/plugins/font-awesome/fonts/fontawesome-webfont914c.ttf]
[htmldemos.ruventhemes.com/desmond-resume/light/assets/plugins/font-awesome/css/font-awesome.min.css]
[htmldemos.ruventhemes.com/desmond-resume/light/assets/plugins/nivo-lightbox/nivo-lightbox.css]
[htmldemos.ruventhemes.com/desmond-resume/light/assets/plugins/nivo-lightbox/themes/default/loading.gif]
[htmldemos.ruventhemes.com/desmond-resume/light/assets/plugins/nivo-lightbox/themes/default/prev.png]
[htmldemos.ruventhemes.com/desmond-resume/light/assets/plugins/nivo-lightbox/themes/default/next.png]
[htmldemos.ruventhemes.com/desmond-resume/light/assets/plugins/nivo-lightbox/themes/default/close.png]
[htmldemos.ruventhemes.com/desmond-resume/light/assets/plugins/nivo-lightbox/themes/default/loading@2x.gif]
[htmldemos.ruventhemes.com/desmond-resume/light/assets/plugins/nivo-lightbox/themes/default/prev@2x.png]
[htmldemos.ruventhemes.com/desmond-resume/light/assets/plugins/nivo-lightbox/themes/default/next@2x.png]
[htmldemos.ruventhemes.com/desmond-resume/light/assets/plugins/nivo-lightbox/themes/default/close@2x.png]
[htmldemos.ruventhemes.com/desmond-resume/light/assets/plugins/nivo-lightbox/themes/default/default.css]
[htmldemos.ruventhemes.com/desmond-resume/light/assets/css/main.css]
[htmldemos.ruventhemes.com/desmond-resume/light/assets/css/themes.light.css]
[htmldemos.ruventhemes.com/desmond-resume/light/assets/plugins/font-awesome/fonts/fontawesome-webfont914c.svg]
