[backblue.gif]
[fade.gif]
[index.html]
[pixeldizajn.com/PerfectCV/img/mypic.jpg]
[pixeldizajn.com/PerfectCV/img/icons/facebook.png]
[pixeldizajn.com/PerfectCV/img/icons/twitter.png]
[pixeldizajn.com/PerfectCV/img/icons/linkedin.png]
[pixeldizajn.com/PerfectCV/img/icons/google-plus.png]
[pixeldizajn.com/PerfectCV/img/icons/rss.png]
[pixeldizajn.com/PerfectCV/img/1.jpg]
[pixeldizajn.com/PerfectCV/img/gallery_1.jpg]
[pixeldizajn.com/PerfectCV/img/2.jpg]
[pixeldizajn.com/PerfectCV/img/gallery_2.jpg]
[pixeldizajn.com/PerfectCV/img/3.jpg]
[pixeldizajn.com/PerfectCV/img/gallery_3.jpg]
[ajax.googleapis.com/ajax/libs/jquery/1.8.0/jquery.min.js]
[pixeldizajn.com/PerfectCV/js/parsley.min.js]
[pixeldizajn.com/PerfectCV/js/lightbox.js]
[pixeldizajn.com/PerfectCV/js/retina.js]
[pixeldizajn.com/PerfectCV/index.html]
[pixeldizajn.com/PerfectCV/fontello/font/-ontello.eot]
[pixeldizajn.com/PerfectCV/fontello/font/-ontello.woff]
[pixeldizajn.com/PerfectCV/fontello/font/-ontellod41d.eot]
[pixeldizajn.com/PerfectCV/fontello/font/-ontello.ttf]
[pixeldizajn.com/PerfectCV/fontello/css/-ontello.css]
[pixeldizajn.com/PerfectCV/bootstrap/img/glyphicons-halflings.png]
[pixeldizajn.com/PerfectCV/bootstrap/img/glyphicons-halflings-white.png]
[pixeldizajn.com/PerfectCV/bootstrap/css/bootstrap.css]
[pixeldizajn.com/PerfectCV/bootstrap/css/bootstrap-responsive.css]
[pixeldizajn.com/PerfectCV/css/progressbar.css]
[pixeldizajn.com/PerfectCV/img/lightbox/prev.png]
[pixeldizajn.com/PerfectCV/img/lightbox/next.png]
[pixeldizajn.com/PerfectCV/css/lightbox.css]
[pixeldizajn.com/PerfectCV/img/body-bg.png]
[pixeldizajn.com/PerfectCV/img/container-bg.png]
[pixeldizajn.com/PerfectCV/img/contact-bg.png]
[pixeldizajn.com/PerfectCV/img/form-bg.png]
[pixeldizajn.com/PerfectCV/img/body-bg@2x.png]
[pixeldizajn.com/PerfectCV/img/container-bg@2x.png]
[pixeldizajn.com/PerfectCV/img/contact-bg@2x.png]
[pixeldizajn.com/PerfectCV/img/form-bg@2x.png]
[pixeldizajn.com/PerfectCV/css/styles.css]
[pixeldizajn.com/PerfectCV/php/mailer.html]
[pixeldizajn.com/PerfectCV/fontello/font/-ontello.svg]
